// Jest Snapshot v1, https://goo.gl/fbAQLP

exports[`instantiate a controller class 1`] = `
<div>
  <input
    placeholder="Enter amount"
    type="number"
  />
  <ol>
    <li
      p-id="1462361249717"
    >
      To pay 
      <input
        <=""
        class="p-amount"
        input=""
        placeholder="0"
        type="number"
      />
      <select>
        <option
          selected=""
          value="split"
        >
          split
        </option>
        <option
          value="more"
        >
          more
        </option>
        <option
          value="less"
        >
          less
        </option>
        <option
          value="fixed"
        >
          fixed
        </option>
      </select>
      <button>
        X
      </button>
    </li>
    <li
      p-id="1462361249718"
    >
      To pay 
      <input
        <=""
        class="p-amount"
        input=""
        placeholder="0"
        type="number"
      />
      <select>
        <option
          selected=""
          value="split"
        >
          split
        </option>
        <option
          value="more"
        >
          more
        </option>
        <option
          value="less"
        >
          less
        </option>
        <option
          value="fixed"
        >
          fixed
        </option>
      </select>
      <button>
        X
      </button>
    </li>
  </ol>
  <button>
    Add Person
  </button>
</div>
`;
